// Jest Snapshot v1, https://goo.gl/fbAQLP

exports[`Header renders the correct content 1`] = `
<div>
  <header
    class="css-1qfmfr6"
  >
    <div
      class="css-gmuwbf"
    >
      <p
        class="chakra-text css-8b95vw"
      >
        clockwork
      </p>
    </div>
    <div
      class="css-17xejub"
    />
    <div
      class="chakra-stack css-b2vdeo"
    >
      <div
        class="chakra-input__group css-4302v8"
      >
        <input
          class="chakra-input css-hzknmz"
          placeholder="Search a course"
          value=""
        />
        <div
          class="chakra-input__right-addon css-mqmw1z"
        >
          <button
            aria-label="Search"
            class="chakra-button css-sd7an6"
            type="button"
          >
            <svg
              aria-hidden="true"
              fill="currentColor"
              focusable="false"
              height="1em"
              stroke="currentColor"
              stroke-width="0"
              viewBox="0 0 24 24"
              width="1em"
              xmlns="http://www.w3.org/2000/svg"
            >
              <path
                d="M15,15 L22,22 L15,15 Z M9.5,17 C13.6421356,17 17,13.6421356 17,9.5 C17,5.35786438 13.6421356,2 9.5,2 C5.35786438,2 2,5.35786438 2,9.5 C2,13.6421356 5.35786438,17 9.5,17 Z"
                fill="none"
                stroke="#000"
                stroke-width="2"
              />
            </svg>
          </button>
        </div>
      </div>
      <div
        class="chakra-button__group css-1vr4fdn"
        role="group"
      >
        <button
          class="chakra-button css-1rxajhb"
          name="202009"
          type="button"
        >
          Fall 2020
        </button>
        <button
          class="chakra-button css-1rxajhb"
          name="202101"
          type="button"
        >
          Spring 2021
        </button>
        <button
          class="chakra-button css-1rxajhb"
          name="202105"
          type="button"
        >
          Summer 2021
        </button>
      </div>
    </div>
    <div
      class="css-17xejub"
    />
  </header>
</div>
`;
